// Jest Snapshot v1, https://goo.gl/fbAQLP

exports[`<Nav /> renders a minimal nav when sign out 1`] = `
<ul
  className="NavStyles-wxgwct-0 lewRcN"
  data-test="nav"
>
  <Link
    href="/items"
  >
    <a
      href="/items"
      onClick={[Function]}
    >
      Shop
    </a>
  </Link>
  <Link
    href="/signup"
  >
    <a
      href="/signup"
      onClick={[Function]}
    >
      Sign In
    </a>
  </Link>
</ul>
`;

exports[`<Nav /> renders the amount of items in the cart 1`] = `
<div
  className="count CartCount__Dot-sc-1kg7mji-1 fICfsc"
>
  9
</div>
`;
